0.34,0.33,0.33,0.00
0.17,0.17,0.17,0.17,0.16,0.16
0.34,0.33,0.33
0.14,0.48,0.09,0.29
0.11,0.23,0.22,0.12,0.32
0.23,0.38,0.32,0.04,0.03
0.26,0.33,0.32,0.05,0.04
0.38,0.31,0.26,0.05,0.00
0.27,0.36,0.30,0.07,0.00
0.16,0.29,0.44,0.07,0.04
0.11,0.22,0.52,0.11,0.04